KleioTranslator - server version 2021.A4 - build 1967 (master) 18/08/2021 22:05 
21-8-2021 9-1

Processing data file cas1728.cli
-------------------------------------------
Generic Act translation module with geoentities (XML).
     Joaquim Ramos de Carvalho (joaquim@uc.pt) 
** New document: kleio
=========================
kleio translation started
=========================
Structure: gacto2.str
Prefix: 
Autorel: 
Translation count: 11
Obs: 
** Processing source fonte$cas1728
** Base name of file cas1728 in cas1728.cli
6: cas$c1728.01
37: cas$c1728.2
67: cas$c1728.3
96: cas$c1728.4
143: cas$c1728.5
185: cas$c1728.6
226: cas$c1728.7
259: cas$c1728.8
304: cas$c1728.9
341: cas$c1728.10
376: cas$c1728.11
406: cas$c1728.12
439: cas$c1728.13
470: cas$c1728.14
506: cas$c1728.15
537: cas$c1728.16
569: cas$c1728.17
604: cas$c1728.18
*** End of File


** Processed file- /kleio-home/sources/soure-fontes/sources/1720-1732/cas1728.cli
** Original file- /kleio-home/sources/soure-fontes/sources/1720-1732/cas1728.org
** Previous version- /kleio-home/sources/soure-fontes/sources/1720-1732/cas1728.old
** Temp file with ids- /kleio-home/sources/soure-fontes/sources/1720-1732/cas1728.ids
** - /kleio-home/sources/soure-fontes/sources/1720-1732/cas1728.cli-renamed to- /kleio-home/sources/soure-fontes/sources/1720-1732/cas1728.old
** - /kleio-home/sources/soure-fontes/sources/1720-1732/cas1728.ids-renamed to- /kleio-home/sources/soure-fontes/sources/1720-1732/cas1728.cli
** Translation files closed.
0  errors. 
0  warnings.
Translation finished.
