KleioTranslator - server version 2021.A4 - build 1891 (master) 01/06/2021 08:41 
1-6-2021 9-7

Processing data file cas1733.cli
-------------------------------------------
Generic Act translation module with geoentities (XML).
     Joaquim Ramos de Carvalho (joaquim@uc.pt) 
** New document: kleio
=========================
kleio translation started
=========================
Structure: gacto2.str
Prefix: 
Autorel: 
Translation count: 8
Obs: 
** Processing source fonte$casamentos 1733
** Base name of file cas1733.cli

WARNING: cas1733.cli line 3 * Warning: Filename should match source Id to avoid errors. File: cas1733.cli Id: casamentos 1733.
Near lines: 3 
Near line: 4       cas$c1733.01/12/1/1733/fol.368/local__igreja de sao tiago/celebrante__vigario manuel rodrigues/obs=os noivos tem consanguinidade de quarto grau

6: cas$c1733.01
41: cas$c1733.2
75: cas$c1733.3
105: cas$c1733.4
152: cas$c1733.5
185: cas$c1733.6
218: cas$c1733.7
265: cas$c1733.8
301: cas$c1733.9
342: cas$c1733.10
378: cas$c1733.11
410: cas$c1733.12
446: cas$c1733.13
480: cas$c1733.14
514: cas$c1733.15
547: cas$c1733.16
*** End of File


** Processed file- /kleio-home/sources/soure-fontes/sources/1720-1732/cas1733.cli
** Original file- /kleio-home/sources/soure-fontes/sources/1720-1732/cas1733.org
** Previous version- /kleio-home/sources/soure-fontes/sources/1720-1732/cas1733.old
** Temp file with ids- /kleio-home/sources/soure-fontes/sources/1720-1732/cas1733.ids
** - /kleio-home/sources/soure-fontes/sources/1720-1732/cas1733.cli-renamed to- /kleio-home/sources/soure-fontes/sources/1720-1732/cas1733.old
** - /kleio-home/sources/soure-fontes/sources/1720-1732/cas1733.ids-renamed to- /kleio-home/sources/soure-fontes/sources/1720-1732/cas1733.cli
** Translation files closed.
0  errors. 
1  warnings.
Translation finished.
