KleioTranslator - server version 2021.A4 - build 1891 (master) 01/06/2021 08:41 
1-6-2021 9-0

Processing data file cas1730.cli
-------------------------------------------
Generic Act translation module with geoentities (XML).
     Joaquim Ramos de Carvalho (joaquim@uc.pt) 
** New document: kleio
=========================
kleio translation started
=========================
Structure: gacto2.str
Prefix: 
Autorel: 
Translation count: 7
Obs: 
** Processing source fonte$casamentos 1730
** Base name of file cas1730.cli

WARNING: cas1730.cli line 3 * Warning: Filename should match source Id to avoid errors. File: cas1730.cli Id: casamentos 1730.
Near lines: 3 
Near line: 4       cas$c1730.01/16/1/1730/fol.356v/local__ermida de sao miguel em sobral/celebrante__manuel rodigues alvaro

6: cas$c1730.01
41: cas$c1730.2
72: cas$c1730.3
103: cas$c1730.4
140: cas$c1730.5
174: cas$c1730.6
204: cas$c1730.7
237: cas$c1730.8
282: cas$c1730.9
318: cas$c1730.10
352: cas$c1730.11
390: cas$c1730.12
434: cas$c1730.13
467: cas$c1730.14
510: cas$c1730.15
543: cas$c1730.16
589: cas$c1730.17
620: cas$c1730.18
*** End of File


** Processed file- /kleio-home/sources/soure-fontes/sources/1720-1732/cas1730.cli
** Original file- /kleio-home/sources/soure-fontes/sources/1720-1732/cas1730.org
** Previous version- /kleio-home/sources/soure-fontes/sources/1720-1732/cas1730.old
** Temp file with ids- /kleio-home/sources/soure-fontes/sources/1720-1732/cas1730.ids
** - /kleio-home/sources/soure-fontes/sources/1720-1732/cas1730.cli-renamed to- /kleio-home/sources/soure-fontes/sources/1720-1732/cas1730.old
** - /kleio-home/sources/soure-fontes/sources/1720-1732/cas1730.ids-renamed to- /kleio-home/sources/soure-fontes/sources/1720-1732/cas1730.cli
** Translation files closed.
0  errors. 
1  warnings.
Translation finished.
