KleioTranslator - server version 2021.A4 - build 1967 (master) 18/08/2021 22:05 
21-8-2021 9-1

Processing data file cas1722.cli
-------------------------------------------
Generic Act translation module with geoentities (XML).
     Joaquim Ramos de Carvalho (joaquim@uc.pt) 
** New document: kleio
=========================
kleio translation started
=========================
Structure: gacto2.str
Prefix: 
Autorel: 
Translation count: 9
Obs: 
** Processing source fonte$cas1722
** Base name of file cas1722 in cas1722.cli
6: cas$c1722.01
30: cas$c1722.2
66: cas$c1722.3
109: cas$c1722.4
142: cas$c1722.5
173: cas$c1722.6
204: cas$c1722.7
240: cas$c1722.8
272: cas$c1722.9
304: cas$c1722.10
336: cas$c1722.11
366: cas$c1722.12
394: cas$c1722.13
425: cas$c1722.14
457: cas$c1722.15
491: cas$c1722.16
523: cas$c1722.17
560: cas$c1722.18
589: cas$c1722.19
620: cas$c1722.20
650: cas$c1722.21
682: cas$c1722.22
725: cas$c1722.23
757: cas$c1722.24
790: cas$c1722.25
828: cas$c1722.26
861: cas$c1722.27
*** End of File


** Processed file- /kleio-home/sources/soure-fontes/sources/1720-1732/cas1722.cli
** Original file- /kleio-home/sources/soure-fontes/sources/1720-1732/cas1722.org
** Previous version- /kleio-home/sources/soure-fontes/sources/1720-1732/cas1722.old
** Temp file with ids- /kleio-home/sources/soure-fontes/sources/1720-1732/cas1722.ids
** - /kleio-home/sources/soure-fontes/sources/1720-1732/cas1722.cli-renamed to- /kleio-home/sources/soure-fontes/sources/1720-1732/cas1722.old
** - /kleio-home/sources/soure-fontes/sources/1720-1732/cas1722.ids-renamed to- /kleio-home/sources/soure-fontes/sources/1720-1732/cas1722.cli
** Translation files closed.
0  errors. 
0  warnings.
Translation finished.
