KleioTranslator - server version 2021.A4 - build 1891 (master) 01/06/2021 08:41 
1-6-2021 8-58

Processing data file cas1723.cli
-------------------------------------------
Generic Act translation module with geoentities (XML).
     Joaquim Ramos de Carvalho (joaquim@uc.pt) 
** New document: kleio
=========================
kleio translation started
=========================
Structure: gacto2.str
Prefix: 
Autorel: 
Translation count: 8
Obs: 
** Processing source fonte$casamentos 1723
** Base name of file cas1723.cli

WARNING: cas1723.cli line 3 * Warning: Filename should match source Id to avoid errors. File: cas1723.cli Id: casamentos 1723.
Near lines: 3 
Near line: 4       cas$c1723.01/11/1/1723/fol.310v311/local__igreja de sao tiago/celebrante__frei manuel duarte

6: cas$c1723.01
38: cas$c1723.2
74: cas$c1723.3
104: cas$c1723.4
138: cas$c1723.5
183: cas$c1723.6
211: cas$c1723.7
244: cas$c1723.8
289: cas$c1723.9
320: cas$c1723.10
341: cas$c1723.11
376: cas$c1723.12
424: cas$c1723.13
458: cas$c1723.14
504: cas$c1723.15
538: cas$c1723.16
574: cas$c1723.17
607: cas$c1723.18
*** End of File


** Processed file- /kleio-home/sources/soure-fontes/sources/1720-1732/cas1723.cli
** Original file- /kleio-home/sources/soure-fontes/sources/1720-1732/cas1723.org
** Previous version- /kleio-home/sources/soure-fontes/sources/1720-1732/cas1723.old
** Temp file with ids- /kleio-home/sources/soure-fontes/sources/1720-1732/cas1723.ids
** - /kleio-home/sources/soure-fontes/sources/1720-1732/cas1723.cli-renamed to- /kleio-home/sources/soure-fontes/sources/1720-1732/cas1723.old
** - /kleio-home/sources/soure-fontes/sources/1720-1732/cas1723.ids-renamed to- /kleio-home/sources/soure-fontes/sources/1720-1732/cas1723.cli
** Translation files closed.
0  errors. 
1  warnings.
Translation finished.
