KleioTranslator - server version 2021.A5 - build 1984 (master) 13/10/2021 20:51 
2-11-2021 11-5

Processing data file 1D-8-2-5.cli
-------------------------------------------
Generic Act translation module with geoentities (XML).
     Joaquim Ramos de Carvalho (joaquim@uc.pt) 
** New document: kleio
=========================
kleio translation started
=========================
Structure: gacto2.str
Prefix: 
Autorel: 
Translation count: 8
Obs: 
** Processing source fonte$n2.5

WARNING: 1D-8-2-5.cli line 3 * Warning: Filename should match source Id to avoid errors. File: 1D-8-2-5 Id: n2.5.
Near lines: 3 
Near lines: 4       escritura$n.2.5.1/0/0/0/fol=(1)/loc=/obs=truncado

6: escritura$n.2.5.1
8: escritura$n.2.5.2
10: escritura$n.2.5.3
42: escritura$n.2.5.4
53: cartaperdao$n2.5.5
79: escritura$n2.5.6
110: escritura$n2.5.7
149: escritura$n2.5.8
151: escritura$n2.5.9
153: escritura$n2.5.10
155: escritura$n2.5.11
171: escritura$n2.5.12
173: escritura$n2.5.13
258: escritura$n2.5.14
260: escritura$n2.5.15
321: escritura$n2.5.16
350: escritura$n2.5.17
352: escritura$n2.5.18
354: escritura$n2.5.19
377: escritura$n2.5.20
379: escritura$n2.5.21
381: escritura$n2.5.22
420: escritura$n2.5.23
*** End of File

Line 267 "SAME AS" TO EXTERNAL REFERENCE EXPORTED (c1692.14-per3) CHECK IF IT EXISTS BEFORE IMPORTING THIS FILE.
Line 271 "SAME AS" TO EXTERNAL REFERENCE EXPORTED (c1694.9-per1) CHECK IF IT EXISTS BEFORE IMPORTING THIS FILE.
Line 278 "SAME AS" TO EXTERNAL REFERENCE EXPORTED (c159-4) CHECK IF IT EXISTS BEFORE IMPORTING THIS FILE.
Line 302 "SAME AS" TO EXTERNAL REFERENCE EXPORTED (c159-1) CHECK IF IT EXISTS BEFORE IMPORTING THIS FILE.

** Processed file- /kleio-home/sources/soure-fontes/sources/1685-1720/notariais/1D-8-2-5.cli
** Original file- /kleio-home/sources/soure-fontes/sources/1685-1720/notariais/1D-8-2-5.org
** Previous version- /kleio-home/sources/soure-fontes/sources/1685-1720/notariais/1D-8-2-5.old
** Temp file with ids- /kleio-home/sources/soure-fontes/sources/1685-1720/notariais/1D-8-2-5.ids
** - /kleio-home/sources/soure-fontes/sources/1685-1720/notariais/1D-8-2-5.cli-renamed to- /kleio-home/sources/soure-fontes/sources/1685-1720/notariais/1D-8-2-5.old
0  errors. 
1  warnings.
Translation finished.
