KleioTranslator - server version 2021.A4 - build 1967 (master) 18/08/2021 22:05 
21-8-2021 8-37

Processing data file eleicoes3.cli
-------------------------------------------
Generic Act translation module with geoentities (XML).
     Joaquim Ramos de Carvalho (joaquim@uc.pt) 
** New document: kleio
=========================
kleio translation started
=========================
Structure: gacto2.str
Prefix: 
Autorel: 
Translation count: 17
Obs: 
** Processing source fonte$eleicoes3
** Base name of file eleicoes3 in eleicoes3.cli
6: amz$emz3-1
49: amz$emz3-2
90: amz$emz3-3
92: amz$emz3-4
137: amz$emz3-5
180: amz$emz3-6
182: amz$emz3-7
243: amz$emz3-8
*** End of File


** Processed file- /kleio-home/sources/soure-fontes/sources/1685-1720/irmaos_misericordia/eleicoes3.cli
** Original file- /kleio-home/sources/soure-fontes/sources/1685-1720/irmaos_misericordia/eleicoes3.org
** Previous version- /kleio-home/sources/soure-fontes/sources/1685-1720/irmaos_misericordia/eleicoes3.old
** Temp file with ids- /kleio-home/sources/soure-fontes/sources/1685-1720/irmaos_misericordia/eleicoes3.ids
** - /kleio-home/sources/soure-fontes/sources/1685-1720/irmaos_misericordia/eleicoes3.cli-renamed to- /kleio-home/sources/soure-fontes/sources/1685-1720/irmaos_misericordia/eleicoes3.old
** - /kleio-home/sources/soure-fontes/sources/1685-1720/irmaos_misericordia/eleicoes3.ids-renamed to- /kleio-home/sources/soure-fontes/sources/1685-1720/irmaos_misericordia/eleicoes3.cli
** Translation files closed.
0  errors. 
0  warnings.
Translation finished.
