KleioTranslator - server version 2021.A4 - build 1830 (master) 23/05/2021 17:33 
23-5-2021 12-59

Processing data file eleicoes2.cli
-------------------------------------------
Generic Act translation module with geoentities (XML).
     Joaquim Ramos de Carvalho (joaquim@uc.pt) 
** New document: kleio
=========================
kleio translation started
=========================
Structure: gacto2.str
Prefix: 
Autorel: 
Translation count: 13
Obs: 
** Processing source fonte$mis mesa2
** Base name of file eleicoes2.cli

WARNING: eleicoes2.cli line 3 * Warning: Filename should match source Id to avoid errors. File: eleicoes2.cli Id: mis mesa2.
Near lines: 3 
Near line: 4       amz$emz2-1/02/07/1724/3/resumo=termo de eleicao de irmaos da mesa

6: amz$emz2-1
78: amz$emz2-2
147: amz$emz2-3
220: amz$emz2-4
291: amz$emz2-5
356: amz$emz2-6
417: amz$emz2-7
453: amz$emz2-8
524: amz$emz2-9
599: amz$emz2-10
672: amz$emz2-11
744: amz$emz2-12
822: amz$emz2-13
891: amz$emz2-14
966: amz$emz2-15
1038: amz$emz2-16
1106: amz$emz2-17
1128: amz$emz2-18
1136: amz$emz2-19
1202: amz$emz2-20
1235: amz$emz2-21
1289: amz$emz2-22
1315: amz$emz2-23
1384: amz$emz2-24
1386: amz$emz2-25
1399: amz$emz2-26
1477: amz$emz2-27
1482: amz$emz2-28
1556: amz$emz2-28b
1590: amz$emz2-29
*** End of File


** Processed file- /kleio-home/sources/soure-fontes/sources/1685-1720/irmaos_misericordia/eleicoes2.cli
** Original file- /kleio-home/sources/soure-fontes/sources/1685-1720/irmaos_misericordia/eleicoes2.org
** Previous version- /kleio-home/sources/soure-fontes/sources/1685-1720/irmaos_misericordia/eleicoes2.old
** Temp file with ids- /kleio-home/sources/soure-fontes/sources/1685-1720/irmaos_misericordia/eleicoes2.ids
** - /kleio-home/sources/soure-fontes/sources/1685-1720/irmaos_misericordia/eleicoes2.cli-renamed to- /kleio-home/sources/soure-fontes/sources/1685-1720/irmaos_misericordia/eleicoes2.old
** - /kleio-home/sources/soure-fontes/sources/1685-1720/irmaos_misericordia/eleicoes2.ids-renamed to- /kleio-home/sources/soure-fontes/sources/1685-1720/irmaos_misericordia/eleicoes2.cli
** Translation files closed.
0  errors. 
1  warnings.
Translation finished.
